** Drc report for carrier.kicad_pcb **
** Created on 2026-07-19T09:24:58 **
** Report includes: Errors, Warnings, Exclusions **

** Found 2 DRC violations **
[silk_edge_clearance]: Silkscreen clipped by board edge
    Rule: board setup constraints silk; warning
    @(50.0000 mm, 50.0000 mm): Rectangle on Edge.Cuts
    @(61.9000 mm, 82.3600 mm): Segment of U1 on F.Silkscreen
[silk_edge_clearance]: Silkscreen clipped by board edge
    Rule: board setup constraints silk; warning
    @(50.0000 mm, 50.0000 mm): Rectangle on Edge.Cuts
    @(125.7973 mm, 56.5000 mm): Segment of U1 on F.Silkscreen

** Found 0 unconnected pads **

** Found 0 Footprint errors **

** Ignored checks **
    - Footprint has no courtyard defined
    - Track endpoint not centered on via
    - Tuning profile track geometries
    - Footprint doesn't match symbol's footprint filters
    - Footprint component type doesn't match footprint pads

** End of Report **
